Archive member included to satisfy reference by file (symbol)

c:/program files (x86)/atmel/studio/7.0/toolchain/avr8/avr8-gnu-toolchain/bin/../lib/gcc/avr/5.4.0/../../../../avr/lib/avrxmega2\libm.a(addsf3.o)
                              LoadAnimation.o (__addsf3)
c:/program files (x86)/atmel/studio/7.0/toolchain/avr8/avr8-gnu-toolchain/bin/../lib/gcc/avr/5.4.0/../../../../avr/lib/avrxmega2\libm.a(addsf3x.o)
                              c:/program files (x86)/atmel/studio/7.0/toolchain/avr8/avr8-gnu-toolchain/bin/../lib/gcc/avr/5.4.0/../../../../avr/lib/avrxmega2\libm.a(addsf3.o) (__addsf3x)
c:/program files (x86)/atmel/studio/7.0/toolchain/avr8/avr8-gnu-toolchain/bin/../lib/gcc/avr/5.4.0/../../../../avr/lib/avrxmega2\libm.a(cmpsf2.o)
                              LoadAnimation.o (__ltsf2)
c:/program files (x86)/atmel/studio/7.0/toolchain/avr8/avr8-gnu-toolchain/bin/../lib/gcc/avr/5.4.0/../../../../avr/lib/avrxmega2\libm.a(cos.o)
                              LoadAnimation.o (cos)
c:/program files (x86)/atmel/studio/7.0/toolchain/avr8/avr8-gnu-toolchain/bin/../lib/gcc/avr/5.4.0/../../../../avr/lib/avrxmega2\libm.a(fixsfsi.o)
                              LoadAnimation.o (__fixsfsi)
c:/program files (x86)/atmel/studio/7.0/toolchain/avr8/avr8-gnu-toolchain/bin/../lib/gcc/avr/5.4.0/../../../../avr/lib/avrxmega2\libm.a(fixunssfsi.o)
                              RTC.o (__fixunssfsi)
c:/program files (x86)/atmel/studio/7.0/toolchain/avr8/avr8-gnu-toolchain/bin/../lib/gcc/avr/5.4.0/../../../../avr/lib/avrxmega2\libm.a(floatsisf.o)
                              RTC.o (__floatunsisf)
c:/program files (x86)/atmel/studio/7.0/toolchain/avr8/avr8-gnu-toolchain/bin/../lib/gcc/avr/5.4.0/../../../../avr/lib/avrxmega2\libm.a(fp_cmp.o)
                              c:/program files (x86)/atmel/studio/7.0/toolchain/avr8/avr8-gnu-toolchain/bin/../lib/gcc/avr/5.4.0/../../../../avr/lib/avrxmega2\libm.a(cmpsf2.o) (__fp_cmp)
c:/program files (x86)/atmel/studio/7.0/toolchain/avr8/avr8-gnu-toolchain/bin/../lib/gcc/avr/5.4.0/../../../../avr/lib/avrxmega2\libm.a(fp_inf.o)
                              c:/program files (x86)/atmel/studio/7.0/toolchain/avr8/avr8-gnu-toolchain/bin/../lib/gcc/avr/5.4.0/../../../../avr/lib/avrxmega2\libm.a(addsf3x.o) (__fp_inf)
c:/program files (x86)/atmel/studio/7.0/toolchain/avr8/avr8-gnu-toolchain/bin/../lib/gcc/avr/5.4.0/../../../../avr/lib/avrxmega2\libm.a(fp_nan.o)
                              c:/program files (x86)/atmel/studio/7.0/toolchain/avr8/avr8-gnu-toolchain/bin/../lib/gcc/avr/5.4.0/../../../../avr/lib/avrxmega2\libm.a(addsf3x.o) (__fp_nan)
c:/program files (x86)/atmel/studio/7.0/toolchain/avr8/avr8-gnu-toolchain/bin/../lib/gcc/avr/5.4.0/../../../../avr/lib/avrxmega2\libm.a(fp_pscA.o)
                              c:/program files (x86)/atmel/studio/7.0/toolchain/avr8/avr8-gnu-toolchain/bin/../lib/gcc/avr/5.4.0/../../../../avr/lib/avrxmega2\libm.a(addsf3x.o) (__fp_pscA)
c:/program files (x86)/atmel/studio/7.0/toolchain/avr8/avr8-gnu-toolchain/bin/../lib/gcc/avr/5.4.0/../../../../avr/lib/avrxmega2\libm.a(fp_pscB.o)
                              c:/program files (x86)/atmel/studio/7.0/toolchain/avr8/avr8-gnu-toolchain/bin/../lib/gcc/avr/5.4.0/../../../../avr/lib/avrxmega2\libm.a(addsf3x.o) (__fp_pscB)
c:/program files (x86)/atmel/studio/7.0/toolchain/avr8/avr8-gnu-toolchain/bin/../lib/gcc/avr/5.4.0/../../../../avr/lib/avrxmega2\libm.a(fp_rempio2.o)
                              c:/program files (x86)/atmel/studio/7.0/toolchain/avr8/avr8-gnu-toolchain/bin/../lib/gcc/avr/5.4.0/../../../../avr/lib/avrxmega2\libm.a(cos.o) (__fp_rempio2)
c:/program files (x86)/atmel/studio/7.0/toolchain/avr8/avr8-gnu-toolchain/bin/../lib/gcc/avr/5.4.0/../../../../avr/lib/avrxmega2\libm.a(fp_round.o)
                              c:/program files (x86)/atmel/studio/7.0/toolchain/avr8/avr8-gnu-toolchain/bin/../lib/gcc/avr/5.4.0/../../../../avr/lib/avrxmega2\libm.a(addsf3.o) (__fp_round)
c:/program files (x86)/atmel/studio/7.0/toolchain/avr8/avr8-gnu-toolchain/bin/../lib/gcc/avr/5.4.0/../../../../avr/lib/avrxmega2\libm.a(fp_sinus.o)
                              c:/program files (x86)/atmel/studio/7.0/toolchain/avr8/avr8-gnu-toolchain/bin/../lib/gcc/avr/5.4.0/../../../../avr/lib/avrxmega2\libm.a(cos.o) (__fp_sinus)
c:/program files (x86)/atmel/studio/7.0/toolchain/avr8/avr8-gnu-toolchain/bin/../lib/gcc/avr/5.4.0/../../../../avr/lib/avrxmega2\libm.a(fp_split3.o)
                              c:/program files (x86)/atmel/studio/7.0/toolchain/avr8/avr8-gnu-toolchain/bin/../lib/gcc/avr/5.4.0/../../../../avr/lib/avrxmega2\libm.a(addsf3x.o) (__fp_split3)
c:/program files (x86)/atmel/studio/7.0/toolchain/avr8/avr8-gnu-toolchain/bin/../lib/gcc/avr/5.4.0/../../../../avr/lib/avrxmega2\libm.a(fp_zero.o)
                              c:/program files (x86)/atmel/studio/7.0/toolchain/avr8/avr8-gnu-toolchain/bin/../lib/gcc/avr/5.4.0/../../../../avr/lib/avrxmega2\libm.a(addsf3x.o) (__fp_zero)
[...]
Memory Configuration

Name             Origin             Length             Attributes
text             0x00000000         0x00010000         xr
data             0x00806000         0x00002000         rw !x
eeprom           0x00810000         0x00000100         rw !x
fuse             0x00820000         0x00000010         rw !x
lock             0x00830000         0x00000400         rw !x
signature        0x00840000         0x00000400         rw !x
user_signatures  0x00850000         0x00000400         rw !x
*default*        0x00000000         0xffffffff

Linker script and memory map

Address of section .data set to 0x806000
                0x00008000                __RODATA_PM_OFFSET__ = 0x8000
LOAD C:/Program Files (x86)/Atmel/Studio/7.0/Packs/Atmel/AVR-Dx_DFP/2.7.321/gcc/dev/avr64dd32/avrxmega2/crtavr64dd32.o
LOAD BK-280.o
LOAD CLK.o
LOAD GPIO.o
LOAD LoadAnimation.o
LOAD main.o
LOAD RS485LED.o
LOAD RS485USART.o
LOAD RTC.o
LOAD SIM800L.o
LOAD SPI.o
LOAD ST7735.o
LOAD USART.o
START GROUP
LOAD c:/program files (x86)/atmel/studio/7.0/toolchain/avr8/avr8-gnu-toolchain/bin/../lib/gcc/avr/5.4.0/../../../../avr/lib/avrxmega2\libm.a
END GROUP
LOAD c:/program files (x86)/atmel/studio/7.0/toolchain/avr8/avr8-gnu-toolchain/bin/../lib/gcc/avr/5.4.0/../../../../avr/lib/avrxmega2\libprintf_flt.a
START GROUP
LOAD c:/program files (x86)/atmel/studio/7.0/toolchain/avr8/avr8-gnu-toolchain/bin/../lib/gcc/avr/5.4.0/avrxmega2\libgcc.a
LOAD c:/program files (x86)/atmel/studio/7.0/toolchain/avr8/avr8-gnu-toolchain/bin/../lib/gcc/avr/5.4.0/../../../../avr/lib/avrxmega2\libm.a
LOAD c:/program files (x86)/atmel/studio/7.0/toolchain/avr8/avr8-gnu-toolchain/bin/../lib/gcc/avr/5.4.0/../../../../avr/lib/avrxmega2\libc.a
LOAD C:/Program Files (x86)/Atmel/Studio/7.0/Packs/Atmel/AVR-Dx_DFP/2.7.321/gcc/dev/avr64dd32/avrxmega2\libavr64dd32.a
END GROUP
                [0x00000000]                __TEXT_REGION_ORIGIN__ = DEFINED (__TEXT_REGION_ORIGIN__)?__TEXT_REGION_ORIGIN__:0x0
                [0x00806000]                __DATA_REGION_ORIGIN__ = DEFINED (__DATA_REGION_ORIGIN__)?__DATA_REGION_ORIGIN__:0x802000
                [0x00010000]                __TEXT_REGION_LENGTH__ = DEFINED (__TEXT_REGION_LENGTH__)?__TEXT_REGION_LENGTH__:0x100000
                [0x00002000]                __DATA_REGION_LENGTH__ = DEFINED (__DATA_REGION_LENGTH__)?__DATA_REGION_LENGTH__:0xffa0
                [0x00000100]                __EEPROM_REGION_LENGTH__ = DEFINED (__EEPROM_REGION_LENGTH__)?__EEPROM_REGION_LENGTH__:0x10000
                [0x00000010]                __FUSE_REGION_LENGTH__ = DEFINED (__FUSE_REGION_LENGTH__)?__FUSE_REGION_LENGTH__:0x400
                0x00000400                __LOCK_REGION_LENGTH__ = DEFINED (__LOCK_REGION_LENGTH__)?__LOCK_REGION_LENGTH__:0x400
                0x00000400                __SIGNATURE_REGION_LENGTH__ = DEFINED (__SIGNATURE_REGION_LENGTH__)?__SIGNATURE_REGION_LENGTH__:0x400
                0x00000400                __USER_SIGNATURE_REGION_LENGTH__ = DEFINED (__USER_SIGNATURE_REGION_LENGTH__)?__USER_SIGNATURE_REGION_LENGTH__:0x400

.hash
 *(.hash)

.dynsym
 *(.dynsym)

.dynstr
 *(.dynstr)

.gnu.version
 *(.gnu.version)

.gnu.version_d
 *(.gnu.version_d)

.gnu.version_r
 *(.gnu.version_r)

.rel.init
 *(.rel.init)

.rela.init
 *(.rela.init)

.rel.text
 *(.rel.text)
 *(.rel.text.*)
 *(.rel.gnu.linkonce.t*)

.rela.text
 *(.rela.text)
 *(.rela.text.*)
 *(.rela.gnu.linkonce.t*)

.rel.fini
 *(.rel.fini)

.rela.fini
 *(.rela.fini)

.rel.rodata
 *(.rel.rodata)
 *(.rel.rodata.*)
 *(.rel.gnu.linkonce.r*)

.rela.rodata
 *(.rela.rodata)
 *(.rela.rodata.*)
 *(.rela.gnu.linkonce.r*)

.rel.data
 *(.rel.data)
 *(.rel.data.*)
 *(.rel.gnu.linkonce.d*)

.rela.data
 *(.rela.data)
 *(.rela.data.*)
 *(.rela.gnu.linkonce.d*)

.rel.ctors
 *(.rel.ctors)

.rela.ctors
 *(.rela.ctors)

.rel.dtors
 *(.rel.dtors)

.rela.dtors
 *(.rela.dtors)

.rel.got
 *(.rel.got)

.rela.got
 *(.rela.got)

.rel.bss
 *(.rel.bss)

.rela.bss
 *(.rela.bss)

.rel.plt
 *(.rel.plt)

.rela.plt
 *(.rela.plt)

.text           0x00000000     0x2f04
 *(.vectors)
 .vectors       0x00000000       0x90 C:/Program Files (x86)/Atmel/Studio/7.0/Packs/Atmel/AVR-Dx_DFP/2.7.321/gcc/dev/avr64dd32/avrxmega2/crtavr64dd32.o
                0x00000000                __vector_default
                0x00000000                __vectors
 *(.vectors)
 *(.progmem.gcc*)
 .progmem.gcc_sw_table.days_in_month
                0x00000090       0x18 BK-280.o
 .progmem.gcc_fplib
                0x000000a8       0x1e c:/program files (x86)/atmel/studio/7.0/toolchain/avr8/avr8-gnu-toolchain/bin/../lib/gcc/avr/5.4.0/../../../../avr/lib/avrxmega2\libm.a(fp_sinus.o)
                0x000000c6                . = ALIGN (0x2)
                0x000000c6                __trampolines_start = .
 *(.trampolines)
 .trampolines   0x000000c6        0x0 linker stubs
 *(.trampolines*)
                0x000000c6                __trampolines_end = .
 *libprintf_flt.a:*(.progmem.data)
 .progmem.data  0x000000c6        0x8 c:/program files (x86)/atmel/studio/7.0/toolchain/avr8/avr8-gnu-toolchain/bin/../lib/gcc/avr/5.4.0/../../../../avr/lib/avrxmega2\libprintf_flt.a(vfprintf_flt.o)
 *libc.a:*(.progmem.data)
 .progmem.data  0x000000ce       0xfa c:/program files (x86)/atmel/studio/7.0/toolchain/avr8/avr8-gnu-toolchain/bin/../lib/gcc/avr/5.4.0/../../../../avr/lib/avrxmega2\libc.a(ftoa_engine.o)
 *(.progmem*)
                0x000001c8                . = ALIGN (0x2)
 *(.jumptables)
 *(.jumptables*)
 *(.lowtext)
 *(.lowtext*)
                0x000001c8                __ctors_start = .
 *(.ctors)
                0x000001c8                __ctors_end = .
                0x000001c8                __dtors_start = .
 *(.dtors)
                0x000001c8                __dtors_end = .
 SORT(*)(.ctors)
 SORT(*)(.dtors)
 *(.init0)
 .init0         0x000001c8        0x0 C:/Program Files (x86)/Atmel/Studio/7.0/Packs/Atmel/AVR-Dx_DFP/2.7.321/gcc/dev/avr64dd32/avrxmega2/crtavr64dd32.o
                0x000001c8                __init
 *(.init0)
 *(.init1)
 *(.init1)
 *(.init2)
 .init2         0x000001c8        0xc C:/Program Files (x86)/Atmel/Studio/7.0/Packs/Atmel/AVR-Dx_DFP/2.7.321/gcc/dev/avr64dd32/avrxmega2/crtavr64dd32.o
 *(.init2)
 *(.init3)
 *(.init3)
 *(.init4)
 .init4         0x000001d4       0x16 c:/program files (x86)/atmel/studio/7.0/toolchain/avr8/avr8-gnu-toolchain/bin/../lib/gcc/avr/5.4.0/avrxmega2\libgcc.a(_copy_data.o)
                0x000001d4                __do_copy_data
 .init4         0x000001ea       0x10 c:/program files (x86)/atmel/studio/7.0/toolchain/avr8/avr8-gnu-toolchain/bin/../lib/gcc/avr/5.4.0/avrxmega2\libgcc.a(_clear_bss.o)
                0x000001ea                __do_clear_bss
 *(.init4)
 *(.init5)
 *(.init5)
 *(.init6)
 *(.init6)
 *(.init7)
 *(.init7)
 *(.init8)
 *(.init8)
 *(.init9)
 .init9         0x000001fa        0x8 C:/Program Files (x86)/Atmel/Studio/7.0/Packs/Atmel/AVR-Dx_DFP/2.7.321/gcc/dev/avr64dd32/avrxmega2/crtavr64dd32.o
 *(.init9)
 *(.text)
 .text          0x00000202        0x4 C:/Program Files (x86)/Atmel/Studio/7.0/Packs/Atmel/AVR-Dx_DFP/2.7.321/gcc/dev/avr64dd32/avrxmega2/crtavr64dd32.o
                0x00000202                __vector_22
                0x00000202                __vector_28
                0x00000202                __vector_1
                0x00000202                __vector_32
                0x00000202                __vector_34
                0x00000202                __vector_24
                0x00000202                __vector_12
                0x00000202                __bad_interrupt
                0x00000202                __vector_6
                0x00000202                __vector_31
                0x00000202                __vector_35
                0x00000202                __vector_3
                0x00000202                __vector_23
                0x00000202                __vector_30
                0x00000202                __vector_25
                0x00000202                __vector_11
                0x00000202                __vector_13
                0x00000202                __vector_17
                0x00000202                __vector_19
                0x00000202                __vector_7
                0x00000202                __vector_27
                0x00000202                __vector_5
                0x00000202                __vector_33
                0x00000202                __vector_4
                0x00000202                __vector_9
                0x00000202                __vector_2
                0x00000202                __vector_21
                0x00000202                __vector_15
                0x00000202                __vector_29
                0x00000202                __vector_8
                0x00000202                __vector_26
                0x00000202                __vector_14
                0x00000202                __vector_10
                0x00000202                __vector_16
                0x00000202                __vector_18
                0x00000202                __vector_20
                0x00000206                . = ALIGN (0x2)
 *(.text.*)
 .text.days_in_month
                0x00000206       0xa4 BK-280.o
 .text.is_summer_time
                0x000002aa      0x12e BK-280.o
 .text.split_fields
                0x000003d8       0x60 BK-280.o
                0x000003d8                split_fields
 .text.parse_GNRMC
                0x00000438      0x130 BK-280.o
                0x00000438                parse_GNRMC
 .text.display_gps_date_and_time
                0x00000568       0x42 BK-280.o
                0x00000568                display_gps_date_and_time
 .text.apply_timezone
                0x000005aa       0xb4 BK-280.o
                0x000005aa                apply_timezone
 .text.BK280_Data_Read
                0x0000065e       0x96 BK-280.o
                0x0000065e                BK280_Data_Read
 .text.CLOCK_INHF_clock_init
                0x000006f4       0x1e CLK.o
                0x000006f4                CLOCK_INHF_clock_init
 .text.GPIO_init
                0x00000712       0x54 GPIO.o
                0x00000712                GPIO_init
 .text.generic_animation
                0x00000766      0x1da LoadAnimation.o
                0x00000766                generic_animation
 .text.main     0x00000940       0xae main.o
                0x00000940                main
 .text.RTC_ON   0x000009ee       0x5a RTC.o
                0x000009ee                RTC_ON
 .text.RTC_OFF  0x00000a48       0x14 RTC.o
                0x00000a48                RTC_OFF
 .text.HTTPStatus
                0x00000a5c       0x6c SIM800L.o
                0x00000a5c                HTTPStatus
 .text.ChangeAnswers
                0x00000ac8       0x3a SIM800L.o
                0x00000ac8                ChangeAnswers
 .text.ChangeCommand
                0x00000b02       0xda SIM800L.o
                0x00000b02                ChangeCommand
 .text.SIM800L_ReadResponse
                0x00000bdc       0x70 SIM800L.o
                0x00000bdc                SIM800L_ReadResponse
 .text.SIM800LDataSplitter
                0x00000c4c       0x5e SIM800L.o
                0x00000c4c                SIM800LDataSplitter
 .text.SIM800LUARTReceiver
                0x00000caa       0x5e SIM800L.o
                0x00000caa                SIM800LUARTReceiver
 .text.SIM800LDataSplitter2
                0x00000d08       0xfa SIM800L.o
                0x00000d08                SIM800LDataSplitter2
 .text.SIM800LUARTReceiver2
                0x00000e02       0xb4 SIM800L.o
                0x00000e02                SIM800LUARTReceiver2
 .text.HTTP_alive_init
                0x00000eb6       0x6c SIM800L.o
                0x00000eb6                HTTP_alive_init
 .text.SIM800LDataSplitter3
                0x00000f22       0x64 SIM800L.o
                0x00000f22                SIM800LDataSplitter3
 .text.SIM800LUARTReceiver3
                0x00000f86       0x4c SIM800L.o
                0x00000f86                SIM800LUARTReceiver3
 .text.sim800l_check
                0x00000fd2       0x18 SIM800L.o
                0x00000fd2                sim800l_check
 .text.SPI0_init
                0x00000fea        0xe SPI.o
                0x00000fea                SPI0_init
 .text.SPI0_write
                0x00000ff8        0xe SPI.o
                0x00000ff8                SPI0_write
 .text.SPI0_write_16
                0x00001006       0x14 SPI.o
                0x00001006                SPI0_write_16
 .text.lcd_write_cmd
                0x0000101a       0x22 ST7735.o
                0x0000101a                lcd_write_cmd
 .text.lcd_write_data
                0x0000103c       0x22 ST7735.o
                0x0000103c                lcd_write_data
 .text.reset_display
                0x0000105e       0x30 ST7735.o
                0x0000105e                reset_display
 .text.lcd_init
                0x0000108e      0x1e6 ST7735.o
                0x0000108e                lcd_init
 .text.lcd_set_address
                0x00001274       0x74 ST7735.o
                0x00001274                lcd_set_address
 .text.lcd_fill_color
                0x000012e8       0x66 ST7735.o
                0x000012e8                lcd_fill_color
 .text.st7735_draw_pixel
                0x0000134e       0x42 ST7735.o
                0x0000134e                st7735_draw_pixel
 .text.st7735_fill_circle
                0x00001390       0xa0 ST7735.o
                0x00001390                st7735_fill_circle
 .text.st7735_draw_char
                0x00001430       0xb6 ST7735.o
                0x00001430                st7735_draw_char
 .text.calculate_start_pixel
                0x000014e6       0x4a ST7735.o
                0x000014e6                calculate_start_pixel
 .text.screen_write_text_wrapped
                0x00001530      0x178 ST7735.o
                0x00001530                screen_write_text_wrapped
 .text.screen_write_formatted_text
                0x000016a8       0x7a ST7735.o
                0x000016a8                screen_write_formatted_text
 .text.redraw_screen_buffer
                0x00001722      0x19c ST7735.o
                0x00001722                redraw_screen_buffer
 .text.screen_write_coloured_text_autoscroll
                0x000018be      0x26a ST7735.o
                0x000018be                screen_write_coloured_text_autoscroll
 .text.USART0_init
                0x00001b28       0x44 USART.o
                0x00001b28                USART0_init
 .text.USART0_readChar
                0x00001b6c       0x74 USART.o
                0x00001b6c                USART0_readChar
 .text.USART0_sendChar
                0x00001be0        0xe USART.o
                0x00001be0                USART0_sendChar
 .text.USART0_sendString
                0x00001bee       0x3c USART.o
                0x00001bee                USART0_sendString
 .text.USART1_init
                0x00001c2a       0x16 USART.o
                0x00001c2a                USART1_init
 .text.USART1_sendChar
                0x00001c40        0xe USART.o
                0x00001c40                USART1_sendChar
 .text.USART1_sendString
                0x00001c4e       0x3c USART.o
                0x00001c4e                USART1_sendString
 .text.USART1_readCharRTC
                0x00001c8a       0x1e USART.o
                0x00001c8a                USART1_readCharRTC
 .text.USART_printf
                0x00001ca8       0x64 USART.o
                0x00001ca8                USART_printf
 .text.intData_to_hexChar
                0x00001d0c       0xa0 USART.o
                0x00001d0c                intData_to_hexChar
 .text.avr-libc.fplib
                0x00001dac        0xe c:/program files (x86)/atmel/studio/7.0/toolchain/avr8/avr8-gnu-toolchain/bin/../lib/gcc/avr/5.4.0/../../../../avr/lib/avrxmega2\libm.a(addsf3.o)
                0x00001dac                __subsf3
                0x00001dae                __addsf3
 .text.avr-libc.fplib
                0x00001dba       0xcc c:/program files (x86)/atmel/studio/7.0/toolchain/avr8/avr8-gnu-toolchain/bin/../lib/gcc/avr/5.4.0/../../../../avr/lib/avrxmega2\libm.a(addsf3x.o)
                0x00001ddc                __addsf3x
 .text.avr-libc.fplib
                0x00001e86        0xa c:/program files (x86)/atmel/studio/7.0/toolchain/avr8/avr8-gnu-toolchain/bin/../lib/gcc/avr/5.4.0/../../../../avr/lib/avrxmega2\libm.a(cmpsf2.o)
                0x00001e86                __nesf2
                0x00001e86                __eqsf2
                0x00001e86                __cmpsf2
                0x00001e86                __ltsf2
                0x00001e86                __lesf2
 .text.avr-libc.fplib
                0x00001e90        0xa c:/program files (x86)/atmel/studio/7.0/toolchain/avr8/avr8-gnu-toolchain/bin/../lib/gcc/avr/5.4.0/../../../../avr/lib/avrxmega2\libm.a(cos.o)
                0x00001e90                cos
 .text.avr-libc.fplib
                0x00001e9a        0xe c:/program files (x86)/atmel/studio/7.0/toolchain/avr8/avr8-gnu-toolchain/bin/../lib/gcc/avr/5.4.0/../../../../avr/lib/avrxmega2\libm.a(fixsfsi.o)
                0x00001e9a                __fixsfsi
 .text.avr-libc.fplib
                0x00001ea8       0x5e c:/program files (x86)/atmel/studio/7.0/toolchain/avr8/avr8-gnu-toolchain/bin/../lib/gcc/avr/5.4.0/../../../../avr/lib/avrxmega2\libm.a(fixunssfsi.o)
                0x00001ea8                __fixunssfsi
 .text.avr-libc.fplib
                0x00001f06       0x7a c:/program files (x86)/atmel/studio/7.0/toolchain/avr8/avr8-gnu-toolchain/bin/../lib/gcc/avr/5.4.0/../../../../avr/lib/avrxmega2\libm.a(floatsisf.o)
                0x00001f06                __floatunsisf
                0x00001f0a                __floatsisf
 .text.avr-libc.fplib
                0x00001f80       0x48 c:/program files (x86)/atmel/studio/7.0/toolchain/avr8/avr8-gnu-toolchain/bin/../lib/gcc/avr/5.4.0/../../../../avr/lib/avrxmega2\libm.a(fp_cmp.o)
                0x00001f80                __fp_cmp
 .text.avr-libc.fplib
                0x00001fc8        0xc c:/program files (x86)/atmel/studio/7.0/toolchain/avr8/avr8-gnu-toolchain/bin/../lib/gcc/avr/5.4.0/../../../../avr/lib/avrxmega2\libm.a(fp_inf.o)
                0x00001fc8                __fp_inf
 .text.avr-libc.fplib
                0x00001fd4        0x6 c:/program files (x86)/atmel/studio/7.0/toolchain/avr8/avr8-gnu-toolchain/bin/../lib/gcc/avr/5.4.0/../../../../avr/lib/avrxmega2\libm.a(fp_nan.o)
                0x00001fd4                __fp_nan
 .text.avr-libc.fplib
                0x00001fda        0xe c:/program files (x86)/atmel/studio/7.0/toolchain/avr8/avr8-gnu-toolchain/bin/../lib/gcc/avr/5.4.0/../../../../avr/lib/avrxmega2\libm.a(fp_pscA.o)
                0x00001fda                __fp_pscA
 .text.avr-libc.fplib
                0x00001fe8        0xe c:/program files (x86)/atmel/studio/7.0/toolchain/avr8/avr8-gnu-toolchain/bin/../lib/gcc/avr/5.4.0/../../../../avr/lib/avrxmega2\libm.a(fp_pscB.o)
                0x00001fe8                __fp_pscB
 .text.avr-libc.fplib
                0x00001ff6       0x56 c:/program files (x86)/atmel/studio/7.0/toolchain/avr8/avr8-gnu-toolchain/bin/../lib/gcc/avr/5.4.0/../../../../avr/lib/avrxmega2\libm.a(fp_rempio2.o)
                0x00001ffa                __fp_rempio2
 .text.avr-libc.fplib
                0x0000204c       0x22 c:/program files (x86)/atmel/studio/7.0/toolchain/avr8/avr8-gnu-toolchain/bin/../lib/gcc/avr/5.4.0/../../../../avr/lib/avrxmega2\libm.a(fp_round.o)
                0x0000204c                __fp_round
 .text.avr-libc.fplib
                0x0000206e       0x28 c:/program files (x86)/atmel/studio/7.0/toolchain/avr8/avr8-gnu-toolchain/bin/../lib/gcc/avr/5.4.0/../../../../avr/lib/avrxmega2\libm.a(fp_sinus.o)
                0x0000206e                __fp_sinus
 .text.avr-libc.fplib
                0x00002096       0x44 c:/program files (x86)/atmel/studio/7.0/toolchain/avr8/avr8-gnu-toolchain/bin/../lib/gcc/avr/5.4.0/../../../../avr/lib/avrxmega2\libm.a(fp_split3.o)
                0x00002096                __fp_split3
                0x000020a6                __fp_splitA
 .text.avr-libc.fplib
                0x000020da        0xe c:/program files (x86)/atmel/studio/7.0/toolchain/avr8/avr8-gnu-toolchain/bin/../lib/gcc/avr/5.4.0/../../../../avr/lib/avrxmega2\libm.a(fp_zero.o)
                0x000020da                __fp_zero
                0x000020dc                __fp_szero
 .text.avr-libc.fplib
                0x000020e8        0xa c:/program files (x86)/atmel/studio/7.0/toolchain/avr8/avr8-gnu-toolchain/bin/../lib/gcc/avr/5.4.0/../../../../avr/lib/avrxmega2\libm.a(gesf2.o)
                0x000020e8                __gesf2
                0x000020e8                __gtsf2
 .text.avr-libc.fplib
                0x000020f2        0x8 c:/program files (x86)/atmel/studio/7.0/toolchain/avr8/avr8-gnu-toolchain/bin/../lib/gcc/avr/5.4.0/../../../../avr/lib/avrxmega2\libm.a(mulsf3.o)
                0x000020f2                __mulsf3
 .text.avr-libc.fplib
                0x000020fa       0xd2 c:/program files (x86)/atmel/studio/7.0/toolchain/avr8/avr8-gnu-toolchain/bin/../lib/gcc/avr/5.4.0/../../../../avr/lib/avrxmega2\libm.a(mulsf3x.o)
                0x00002118                __mulsf3x
                0x0000211e                __mulsf3_pse
 .text.avr-libc.fplib
                0x000021cc       0x10 c:/program files (x86)/atmel/studio/7.0/toolchain/avr8/avr8-gnu-toolchain/bin/../lib/gcc/avr/5.4.0/../../../../avr/lib/avrxmega2\libm.a(sin.o)
                0x000021cc                sin
 .text.avr-libc.fplib
                0x000021dc       0x1c c:/program files (x86)/atmel/studio/7.0/toolchain/avr8/avr8-gnu-toolchain/bin/../lib/gcc/avr/5.4.0/../../../../avr/lib/avrxmega2\libm.a(fp_mpack.o)
                0x000021dc                __fp_mpack
                0x000021e0                __fp_mpack_finite
 .text.avr-libc.fplib
                0x000021f8       0x28 c:/program files (x86)/atmel/studio/7.0/toolchain/avr8/avr8-gnu-toolchain/bin/../lib/gcc/avr/5.4.0/../../../../avr/lib/avrxmega2\libm.a(fp_powsodd.o)
                0x000021f8                __fp_powsodd
 .text.avr-libc.fplib
                0x00002220       0x4e c:/program files (x86)/atmel/studio/7.0/toolchain/avr8/avr8-gnu-toolchain/bin/../lib/gcc/avr/5.4.0/../../../../avr/lib/avrxmega2\libm.a(fp_powser.o)
                0x00002220                __fp_powser
 .text.avr-libc
                0x0000226e      0x6fa c:/program files (x86)/atmel/studio/7.0/toolchain/avr8/avr8-gnu-toolchain/bin/../lib/gcc/avr/5.4.0/../../../../avr/lib/avrxmega2\libprintf_flt.a(vfprintf_flt.o)
                0x0000226e                vfprintf
 .text.libgcc.div
                0x00002968       0x28 c:/program files (x86)/atmel/studio/7.0/toolchain/avr8/avr8-gnu-toolchain/bin/../lib/gcc/avr/5.4.0/avrxmega2\libgcc.a(_divmodhi4.o)
                0x00002968                _div
                0x00002968                __divmodhi4
 .text.libgcc   0x00002990        0xc c:/program files (x86)/atmel/studio/7.0/toolchain/avr8/avr8-gnu-toolchain/bin/../lib/gcc/avr/5.4.0/avrxmega2\libgcc.a(_tablejump2.o)
                0x00002990                __tablejump2__
 .text.libgcc.mul
                0x0000299c       0x1e c:/program files (x86)/atmel/studio/7.0/toolchain/avr8/avr8-gnu-toolchain/bin/../lib/gcc/avr/5.4.0/avrxmega2\libgcc.a(_umulhisi3.o)
                0x0000299c                __umulhisi3
 .text.libgcc.prologue
                0x000029ba       0x32 c:/program files (x86)/atmel/studio/7.0/toolchain/avr8/avr8-gnu-toolchain/bin/../lib/gcc/avr/5.4.0/avrxmega2\libgcc.a(_prologue.o)
                0x000029ba                __prologue_saves__
 .text.libgcc.prologue
                0x000029ec       0x30 c:/program files (x86)/atmel/studio/7.0/toolchain/avr8/avr8-gnu-toolchain/bin/../lib/gcc/avr/5.4.0/avrxmega2\libgcc.a(_epilogue.o)
                0x000029ec                __epilogue_restores__
 .text.libgcc   0x00002a1c       0x18 c:/program files (x86)/atmel/studio/7.0/toolchain/avr8/avr8-gnu-toolchain/bin/../lib/gcc/avr/5.4.0/avrxmega2\libgcc.a(_adddi3_s8.o)
                0x00002a1c                __adddi3_s8
 .text.libgcc   0x00002a34       0x18 c:/program files (x86)/atmel/studio/7.0/toolchain/avr8/avr8-gnu-toolchain/bin/../lib/gcc/avr/5.4.0/avrxmega2\libgcc.a(_cmpdi2_s8.o)
                0x00002a34                __cmpdi2_s8
 .text.libgcc.div
                0x00002a4c       0x28 c:/program files (x86)/atmel/studio/7.0/toolchain/avr8/avr8-gnu-toolchain/bin/../lib/gcc/avr/5.4.0/avrxmega2\libgcc.a(_udivmodhi4.o)
                0x00002a4c                __udivmodhi4
 .text.avr-libc
                0x00002a74       0x3c c:/program files (x86)/atmel/studio/7.0/toolchain/avr8/avr8-gnu-toolchain/bin/../lib/gcc/avr/5.4.0/../../../../avr/lib/avrxmega2\libc.a(atoi.o)
                0x00002a74                atoi
 .text.avr-libc
                0x00002ab0      0x1b0 c:/program files (x86)/atmel/studio/7.0/toolchain/avr8/avr8-gnu-toolchain/bin/../lib/gcc/avr/5.4.0/../../../../avr/lib/avrxmega2\libc.a(ftoa_engine.o)
                0x00002ab0                __ftoa_engine
 .text.avr-libc
                0x00002c60       0x16 c:/program files (x86)/atmel/studio/7.0/toolchain/avr8/avr8-gnu-toolchain/bin/../lib/gcc/avr/5.4.0/../../../../avr/lib/avrxmega2\libc.a(strnlen_P.o)
                0x00002c60                strnlen_P
 .text.avr-libc
                0x00002c76       0x16 c:/program files (x86)/atmel/studio/7.0/toolchain/avr8/avr8-gnu-toolchain/bin/../lib/gcc/avr/5.4.0/../../../../avr/lib/avrxmega2\libc.a(strchr.o)
                0x00002c76                strchr
 .text.avr-libc
                0x00002c8c       0x20 c:/program files (x86)/atmel/studio/7.0/toolchain/avr8/avr8-gnu-toolchain/bin/../lib/gcc/avr/5.4.0/../../../../avr/lib/avrxmega2\libc.a(strncat.o)
                0x00002c8c                strncat
 .text.avr-libc
                0x00002cac       0x1e c:/program files (x86)/atmel/studio/7.0/toolchain/avr8/avr8-gnu-toolchain/bin/../lib/gcc/avr/5.4.0/../../../../avr/lib/avrxmega2\libc.a(strncpy.o)
                0x00002cac                strncpy
 .text.avr-libc
                0x00002cca       0x16 c:/program files (x86)/atmel/studio/7.0/toolchain/avr8/avr8-gnu-toolchain/bin/../lib/gcc/avr/5.4.0/../../../../avr/lib/avrxmega2\libc.a(strnlen.o)
                0x00002cca                strnlen
 .text.avr-libc
                0x00002ce0       0x34 c:/program files (x86)/atmel/studio/7.0/toolchain/avr8/avr8-gnu-toolchain/bin/../lib/gcc/avr/5.4.0/../../../../avr/lib/avrxmega2\libc.a(strstr.o)
                0x00002ce0                strstr
 .text.avr-libc
                0x00002d14       0x10 c:/program files (x86)/atmel/studio/7.0/toolchain/avr8/avr8-gnu-toolchain/bin/../lib/gcc/avr/5.4.0/../../../../avr/lib/avrxmega2\libc.a(mul10.o)
                0x00002d14                __mulhi_const_10
 .text.avr-libc
                0x00002d24       0x78 c:/program files (x86)/atmel/studio/7.0/toolchain/avr8/avr8-gnu-toolchain/bin/../lib/gcc/avr/5.4.0/../../../../avr/lib/avrxmega2\libc.a(fputc.o)
                0x00002d24                fputc
 .text.avr-libc
                0x00002d9c       0x44 c:/program files (x86)/atmel/studio/7.0/toolchain/avr8/avr8-gnu-toolchain/bin/../lib/gcc/avr/5.4.0/../../../../avr/lib/avrxmega2\libc.a(sprintf.o)
                0x00002d9c                sprintf
 .text.avr-libc
                0x00002de0       0x58 c:/program files (x86)/atmel/studio/7.0/toolchain/avr8/avr8-gnu-toolchain/bin/../lib/gcc/avr/5.4.0/../../../../avr/lib/avrxmega2\libc.a(vsnprintf.o)
                0x00002de0                vsnprintf
 .text.avr-libc
                0x00002e38       0xbc c:/program files (x86)/atmel/studio/7.0/toolchain/avr8/avr8-gnu-toolchain/bin/../lib/gcc/avr/5.4.0/../../../../avr/lib/avrxmega2\libc.a(ultoa_invert.o)
                0x00002e38                __ultoa_invert
 .text.avr-libc
                0x00002ef4        0xc C:/Program Files (x86)/Atmel/Studio/7.0/Packs/Atmel/AVR-Dx_DFP/2.7.321/gcc/dev/avr64dd32/avrxmega2\libavr64dd32.a(ccp_write.o)
                0x00002ef4                ccp_write_io
                0x00002f00                . = ALIGN (0x2)
 *(.fini9)
 .fini9         0x00002f00        0x0 c:/program files (x86)/atmel/studio/7.0/toolchain/avr8/avr8-gnu-toolchain/bin/../lib/gcc/avr/5.4.0/avrxmega2\libgcc.a(_exit.o)
                0x00002f00                _exit
                0x00002f00                exit
 *(.fini9)
 *(.fini8)
 *(.fini8)
 *(.fini7)
 *(.fini7)
 *(.fini6)
 *(.fini6)
 *(.fini5)
 *(.fini5)
 *(.fini4)
 *(.fini4)
 *(.fini3)
 *(.fini3)
 *(.fini2)
 *(.fini2)
 *(.fini1)
 *(.fini1)
 *(.fini0)
 .fini0         0x00002f00        0x4 c:/program files (x86)/atmel/studio/7.0/toolchain/avr8/avr8-gnu-toolchain/bin/../lib/gcc/avr/5.4.0/avrxmega2\libgcc.a(_exit.o)
 *(.fini0)
                0x00002f04                _etext = .

.data           0x00806000      0x9b4 load address 0x00002f04
                0x00806000                PROVIDE (__data_start, .)
 *(.data)
 *(.data*)
 .data.cmd_replace_table
                0x00806000       0x1c SIM800L.o
                0x00806000                cmd_replace_table
 .data.http_status_table
                0x0080601c       0xb4 SIM800L.o
                0x0080601c                http_status_table
 .data.RS485data
                0x008060d0       0xd4 USART.o
                0x008060d0                RS485data
 *(.gnu.linkonce.d*)
 *(.rodata)
 .rodata        0x008061a4        0x6 SIM800L.o
 *(.rodata*)
 .rodata.str1.1
                0x008061aa       0x15 BK-280.o
 .rodata.target.4487
                0x008061bf        0x7 BK-280.o
 .rodata.str1.1
                0x008061c6       0x4a main.o
 .rodata.str1.1
                0x00806210      0x452 SIM800L.o
                                0x45a (size before relaxing)
 .rodata.font5x7
                0x00806662      0x325 ST7735.o
                0x00806662                font5x7
 .rodata.str1.1
                0x00806987       0x2d USART.o
 *(.gnu.linkonce.r*)
                0x008069b4                . = ALIGN (0x2)
                0x008069b4                _edata = .
                0x008069b4                PROVIDE (__data_end, .)

.bss            0x008069b4      0x52e
                0x008069b4                PROVIDE (__bss_start, .)
 *(.bss)
 *(.bss*)
 .bss.buffer    0x008069b4       0x3c BK-280.o
                0x008069b4                buffer
 .bss.ALLGNSSDATA
                0x008069f0        0x6 BK-280.o
                0x008069f0                ALLGNSSDATA
 .bss.RS485     0x008069f6        0x3 RS485USART.o
                0x008069f6                RS485
 .bss.SIM800L   0x008069f9       0x86 SIM800L.o
                0x008069f9                SIM800L
 .bss.bufferLinesUsed
                0x00806a7f        0x1 ST7735.o
                0x00806a7f                bufferLinesUsed
 .bss.screenBuffer
                0x00806a80      0x462 ST7735.o
                0x00806a80                screenBuffer
 *(COMMON)
                0x00806ee2                PROVIDE (__bss_end, .)
                0x00002f04                __data_load_start = LOADADDR (.data)
                0x000038b8                __data_load_end = (__data_load_start + SIZEOF (.data))

.noinit         0x00806ee2        0x0
                [!provide]                PROVIDE (__noinit_start, .)
 *(.noinit*)
                [!provide]                PROVIDE (__noinit_end, .)
                0x00806ee2                _end = .
                [!provide]                PROVIDE (__heap_start, .)

.eeprom         0x00810000        0x0
 *(.eeprom*)
                0x00810000                __eeprom_end = .

.fuse
 *(.fuse)
 *(.lfuse)
 *(.hfuse)
 *(.efuse)

.lock
 *(.lock*)

.signature
 *(.signature*)

.user_signatures
 *(.user_signatures*)

.stab
 *(.stab)

.stabstr
 *(.stabstr)

.stab.excl
 *(.stab.excl)

.stab.exclstr
 *(.stab.exclstr)

.stab.index
 *(.stab.index)

.stab.indexstr
 *(.stab.indexstr)

.comment        0x00000000       0x5c
 *(.comment)
 .comment       0x00000000       0x30 BK-280.o
                                 0x31 (size before relaxing)
 .comment       0x00000030       0x31 CLK.o
 .comment       0x00000030       0x31 GPIO.o
 .comment       0x00000030       0x31 LoadAnimation.o
 .comment       0x00000030       0x31 main.o
 .comment       0x00000030       0x31 RS485USART.o
 .comment       0x00000030       0x31 RTC.o
 .comment       0x00000030       0x31 SIM800L.o
 .comment       0x00000030       0x31 SPI.o
 .comment       0x00000030       0x31 ST7735.o
 .comment       0x00000030       0x31 USART.o
 .comment       0x00000030       0x2c c:/program files (x86)/atmel/studio/7.0/toolchain/avr8/avr8-gnu-toolchain/bin/../lib/gcc/avr/5.4.0/../../../../avr/lib/avrxmega2\libprintf_flt.a(vfprintf_flt.o)
                                 0x2d (size before relaxing)
 .comment       0x0000005c       0x31 c:/program files (x86)/atmel/studio/7.0/toolchain/avr8/avr8-gnu-toolchain/bin/../lib/gcc/avr/5.4.0/../../../../avr/lib/avrxmega2\libc.a(fputc.o)
 .comment       0x0000005c       0x31 c:/program files (x86)/atmel/studio/7.0/toolchain/avr8/avr8-gnu-toolchain/bin/../lib/gcc/avr/5.4.0/../../../../avr/lib/avrxmega2\libc.a(sprintf.o)
 .comment       0x0000005c       0x31 c:/program files (x86)/atmel/studio/7.0/toolchain/avr8/avr8-gnu-toolchain/bin/../lib/gcc/avr/5.4.0/../../../../avr/lib/avrxmega2\libc.a(vsnprintf.o)

.note.gnu.avr.deviceinfo
                0x00000000       0x3c
 .note.gnu.avr.deviceinfo
                0x00000000       0x3c C:/Program Files (x86)/Atmel/Studio/7.0/Packs/Atmel/AVR-Dx_DFP/2.7.321/gcc/dev/avr64dd32/avrxmega2/crtavr64dd32.o

.note.gnu.build-id
 *(.note.gnu.build-id)

.debug
 *(.debug)

.line
 *(.line)

.debug_srcinfo
 *(.debug_srcinfo)

.debug_sfnames
 *(.debug_sfnames)

.debug_aranges  0x00000000      0x340
 *(.debug_aranges)
 .debug_aranges
                0x00000000       0x58 BK-280.o
 .debug_aranges
                0x00000058       0x28 CLK.o
 .debug_aranges
                0x00000080       0x20 GPIO.o
 .debug_aranges
                0x000000a0       0x28 LoadAnimation.o
 .debug_aranges
                0x000000c8       0x20 main.o
 .debug_aranges
                0x000000e8       0x28 RS485USART.o
 .debug_aranges
                0x00000110       0x28 RTC.o
 .debug_aranges
                0x00000138       0x88 SIM800L.o
 .debug_aranges
                0x000001c0       0x48 SPI.o
 .debug_aranges
                0x00000208       0xa0 ST7735.o
 .debug_aranges
                0x000002a8       0x78 USART.o
 .debug_aranges
                0x00000320       0x20 C:/Program Files (x86)/Atmel/Studio/7.0/Packs/Atmel/AVR-Dx_DFP/2.7.321/gcc/dev/avr64dd32/avrxmega2\libavr64dd32.a(ccp_write.o)

.debug_pubnames
 *(.debug_pubnames)

.debug_info     0x00000000     0x773a
 *(.debug_info .gnu.linkonce.wi.*)
 .debug_info    0x00000000     0x22a4 C:/Program Files (x86)/Atmel/Studio/7.0/Packs/Atmel/AVR-Dx_DFP/2.7.321/gcc/dev/avr64dd32/avrxmega2/crtavr64dd32.o
 .debug_info    0x000022a4      0x50d BK-280.o
 .debug_info    0x000027b1      0x394 CLK.o
 .debug_info    0x00002b45      0x395 GPIO.o
 .debug_info    0x00002eda      0x70d LoadAnimation.o
 .debug_info    0x000035e7      0x256 main.o
 .debug_info    0x0000383d      0x1e8 RS485USART.o
 .debug_info    0x00003a25      0x3b2 RTC.o
 .debug_info    0x00003dd7      0xf57 SIM800L.o
 .debug_info    0x00004d2e      0x41c SPI.o
 .debug_info    0x0000514a     0x193b ST7735.o
 .debug_info    0x00006a85      0xc0c USART.o
 .debug_info    0x00007691       0xa9 C:/Program Files (x86)/Atmel/Studio/7.0/Packs/Atmel/AVR-Dx_DFP/2.7.321/gcc/dev/avr64dd32/avrxmega2\libavr64dd32.a(ccp_write.o)

.debug_abbrev   0x00000000     0x34a7
 *(.debug_abbrev)
 .debug_abbrev  0x00000000     0x20ce C:/Program Files (x86)/Atmel/Studio/7.0/Packs/Atmel/AVR-Dx_DFP/2.7.321/gcc/dev/avr64dd32/avrxmega2/crtavr64dd32.o
 .debug_abbrev  0x000020ce      0x223 BK-280.o
 .debug_abbrev  0x000022f1       0xe5 CLK.o
 .debug_abbrev  0x000023d6       0xbc GPIO.o
 .debug_abbrev  0x00002492      0x212 LoadAnimation.o
 .debug_abbrev  0x000026a4      0x11e main.o
 .debug_abbrev  0x000027c2      0x14f RS485USART.o
 .debug_abbrev  0x00002911      0x10d RTC.o
 .debug_abbrev  0x00002a1e      0x30d SIM800L.o
 .debug_abbrev  0x00002d2b      0x13b SPI.o
 .debug_abbrev  0x00002e66      0x324 ST7735.o
 .debug_abbrev  0x0000318a      0x309 USART.o
 .debug_abbrev  0x00003493       0x14 C:/Program Files (x86)/Atmel/Studio/7.0/Packs/Atmel/AVR-Dx_DFP/2.7.321/gcc/dev/avr64dd32/avrxmega2\libavr64dd32.a(ccp_write.o)

.debug_line     0x00000000     0x27bd
 *(.debug_line .debug_line.* .debug_line_end)
 .debug_line    0x00000000      0x16f C:/Program Files (x86)/Atmel/Studio/7.0/Packs/Atmel/AVR-Dx_DFP/2.7.321/gcc/dev/avr64dd32/avrxmega2/crtavr64dd32.o
 .debug_line    0x0000016f      0x446 BK-280.o
 .debug_line    0x000005b5      0x1ad CLK.o
 .debug_line    0x00000762      0x15f GPIO.o
 .debug_line    0x000008c1      0x2d6 LoadAnimation.o
 .debug_line    0x00000b97      0x199 main.o
 .debug_line    0x00000d30      0x174 RS485USART.o
 .debug_line    0x00000ea4      0x14c RTC.o
 .debug_line    0x00000ff0      0x64f SIM800L.o
 .debug_line    0x0000163f      0x1b8 SPI.o
 .debug_line    0x000017f7      0xb2f ST7735.o
 .debug_line    0x00002326      0x430 USART.o
 .debug_line    0x00002756       0x67 C:/Program Files (x86)/Atmel/Studio/7.0/Packs/Atmel/AVR-Dx_DFP/2.7.321/gcc/dev/avr64dd32/avrxmega2\libavr64dd32.a(ccp_write.o)

.debug_frame    0x00000000      0xc40
 *(.debug_frame)
 .debug_frame   0x00000000      0x124 BK-280.o
 .debug_frame   0x00000124       0x34 CLK.o
 .debug_frame   0x00000158       0x24 GPIO.o
 .debug_frame   0x0000017c      0x120 LoadAnimation.o
 .debug_frame   0x0000029c       0x4c main.o
 .debug_frame   0x000002e8       0x44 RS485USART.o
 .debug_frame   0x0000032c       0x44 RTC.o
 .debug_frame   0x00000370      0x2b4 SIM800L.o
 .debug_frame   0x00000624       0x84 SPI.o
 .debug_frame   0x000006a8      0x410 ST7735.o
 .debug_frame   0x00000ab8      0x188 USART.o

.debug_str      0x00000000     0x26a5
 *(.debug_str)
 .debug_str     0x00000000      0xefb C:/Program Files (x86)/Atmel/Studio/7.0/Packs/Atmel/AVR-Dx_DFP/2.7.321/gcc/dev/avr64dd32/avrxmega2/crtavr64dd32.o
 .debug_str     0x00000efb      0x2c3 BK-280.o
                                0x33b (size before relaxing)
 .debug_str     0x000011be      0x320 CLK.o
                                0x4d4 (size before relaxing)
 .debug_str     0x000014de      0x22b GPIO.o
                                0x3f3 (size before relaxing)
 .debug_str     0x00001709      0x159 LoadAnimation.o
                                0x39e (size before relaxing)
 .debug_str     0x00001862       0xcf main.o
                                0x2c8 (size before relaxing)
 .debug_str     0x00001931       0xb7 RS485USART.o
                                0x270 (size before relaxing)
 .debug_str     0x000019e8      0x29b RTC.o
                                0x494 (size before relaxing)
 .debug_str     0x00001c83      0x2a3 SIM800L.o
                                0x70f (size before relaxing)
 .debug_str     0x00001f26      0x115 SPI.o
                                0x3bd (size before relaxing)
 .debug_str     0x0000203b      0x230 ST7735.o
                                0x62b (size before relaxing)
 .debug_str     0x0000226b      0x43a USART.o
                                0x910 (size before relaxing)

.debug_loc      0x00000000     0x3c23
 *(.debug_loc)
 .debug_loc     0x00000000      0x709 BK-280.o
 .debug_loc     0x00000709      0x733 LoadAnimation.o
 .debug_loc     0x00000e3c       0xbe main.o
 .debug_loc     0x00000efa      0x108 RS485USART.o
 .debug_loc     0x00001002       0x72 RTC.o
 .debug_loc     0x00001074      0xc96 SIM800L.o
 .debug_loc     0x00001d0a       0xb6 SPI.o
 .debug_loc     0x00001dc0     0x197f ST7735.o
 .debug_loc     0x0000373f      0x4e4 USART.o

.debug_macinfo
 *(.debug_macinfo)

.debug_weaknames
 *(.debug_weaknames)

.debug_funcnames
 *(.debug_funcnames)

.debug_typenames
 *(.debug_typenames)

.debug_varnames
 *(.debug_varnames)

.debug_pubtypes
 *(.debug_pubtypes)

.debug_ranges   0x00000000      0x3c0
 *(.debug_ranges)
 .debug_ranges  0x00000000       0x48 BK-280.o
 .debug_ranges  0x00000048       0x18 CLK.o
 .debug_ranges  0x00000060       0x10 GPIO.o
 .debug_ranges  0x00000070       0x60 LoadAnimation.o
 .debug_ranges  0x000000d0       0x10 main.o
 .debug_ranges  0x000000e0       0x18 RS485USART.o
 .debug_ranges  0x000000f8       0x18 RTC.o
 .debug_ranges  0x00000110       0x90 SIM800L.o
 .debug_ranges  0x000001a0       0x38 SPI.o
 .debug_ranges  0x000001d8      0x180 ST7735.o
 .debug_ranges  0x00000358       0x68 USART.o

.debug_macro
 *(.debug_macro)
OUTPUT(AVR64DD32-SIM800L-HS180S10B.elf elf32-avr)
LOAD linker stubs
